Archive member included to satisfy reference by file (symbol)

.\CortexM3\ARM_GCC_541\Debug\CyController1.a(USBFS_1.o)
                              .\CortexM3\ARM_GCC_541\Debug\main.o (USBFS_1_Start)
.\CortexM3\ARM_GCC_541\Debug\CyController1.a(USBFS_1_drv.o)
                              .\CortexM3\ARM_GCC_541\Debug\CyController1.a(USBFS_1.o) (USBFS_1_lastPacketSize)
.\CortexM3\ARM_GCC_541\Debug\CyController1.a(USBFS_1_episr.o)
                              .\CortexM3\ARM_GCC_541\Debug\CyController1.a(USBFS_1.o) (USBFS_1_EP_1_ISR)
.\CortexM3\ARM_GCC_541\Debug\CyController1.a(USBFS_1_hid.o)
                              .\CortexM3\ARM_GCC_541\Debug\CyController1.a(USBFS_1.o) (USBFS_1_hidProtocol)
.\CortexM3\ARM_GCC_541\Debug\CyController1.a(USBFS_1_pm.o)
                              .\CortexM3\ARM_GCC_541\Debug\CyController1.a(USBFS_1.o) (USBFS_1_DP_ISR)
.\CortexM3\ARM_GCC_541\Debug\CyController1.a(USBFS_1_std.o)
                              .\CortexM3\ARM_GCC_541\Debug\CyController1.a(USBFS_1_pm.o) (USBFS_1_ConfigReg)
.\CortexM3\ARM_GCC_541\Debug\CyController1.a(USBFS_1_vnd.o)
                              .\CortexM3\ARM_GCC_541\Debug\CyController1.a(USBFS_1_drv.o) (USBFS_1_HandleVendorRqst)
.\CortexM3\ARM_GCC_541\Debug\CyController1.a(ButtonReg1.o)
                              .\CortexM3\ARM_GCC_541\Debug\main.o (ButtonReg1_Read)
.\CortexM3\ARM_GCC_541\Debug\CyController1.a(ButtonReg2.o)
                              .\CortexM3\ARM_GCC_541\Debug\main.o (ButtonReg2_Read)
.\CortexM3\ARM_GCC_541\Debug\CyController1.a(ButtonReg3.o)
                              .\CortexM3\ARM_GCC_541\Debug\main.o (ButtonReg3_Read)
.\CortexM3\ARM_GCC_541\Debug\CyController1.a(USBFS_1_Dp.o)
                              .\CortexM3\ARM_GCC_541\Debug\CyController1.a(USBFS_1.o) (USBFS_1_Dp_ClearInterrupt)
.\CortexM3\ARM_GCC_541\Debug\CyController1.a(CyLib.o)
                              .\CortexM3\ARM_GCC_541\Debug\Cm3Start.o (CyHalt)
.\CortexM3\ARM_GCC_541\Debug\CyController1.a(cyPm.o)
                              .\CortexM3\ARM_GCC_541\Debug\CyController1.a(CyLib.o) (CyPmReadStatus)
.\CortexM3\ARM_GCC_541\Debug\CyController1.a(ButtonReg4.o)
                              .\CortexM3\ARM_GCC_541\Debug\main.o (ButtonReg4_Read)
.\CortexM3\ARM_GCC_541\Debug\CyController1.a(CyBootAsmGnu.o)
                              .\CortexM3\ARM_GCC_541\Debug\CyController1.a(USBFS_1.o) (CyDelayCycles)
.\CortexM3\ARM_GCC_541\Debug\CyController1.a(USBFS_1_cls.o)
                              .\CortexM3\ARM_GCC_541\Debug\CyController1.a(USBFS_1_drv.o) (USBFS_1_DispatchClassRqst)
.\CortexM3\ARM_GCC_541\Debug\CyController1.a(USBFS_1_descr.o)
                              .\CortexM3\ARM_GCC_541\Debug\CyController1.a(USBFS_1_std.o) (USBFS_1_TABLE)
.\CortexM3\ARM_GCC_541\Debug\CyController1.a(CyFlash.o)
                              .\CortexM3\ARM_GCC_541\Debug\CyController1.a(cyPm.o) (CyFlash_SetWaitCycles)
.\CortexM3\ARM_GCC_541\Debug\CyController1.a(CySpc.o)
                              .\CortexM3\ARM_GCC_541\Debug\CyController1.a(CyFlash.o) (CySpcStart)
c:/program files (x86)/cypress/psoc creator/4.2/psoc creator/import/gnu/arm/5.4.1/bin/../lib/gcc/arm-none-eabi/5.4.1/../../../../arm-none-eabi/lib/armv7-m\libg_nano.a(lib_a-errno.o)
                              .\CortexM3\ARM_GCC_541\Debug\Cm3Start.o (__errno)
c:/program files (x86)/cypress/psoc creator/4.2/psoc creator/import/gnu/arm/5.4.1/bin/../lib/gcc/arm-none-eabi/5.4.1/../../../../arm-none-eabi/lib/armv7-m\libg_nano.a(lib_a-exit.o)
                              c:/program files (x86)/cypress/psoc creator/4.2/psoc creator/import/gnu/arm/5.4.1/bin/../lib/gcc/arm-none-eabi/5.4.1/../../../../arm-none-eabi/lib/armv7-m/crt0.o (exit)
c:/program files (x86)/cypress/psoc creator/4.2/psoc creator/import/gnu/arm/5.4.1/bin/../lib/gcc/arm-none-eabi/5.4.1/../../../../arm-none-eabi/lib/armv7-m\libg_nano.a(lib_a-impure.o)
                              c:/program files (x86)/cypress/psoc creator/4.2/psoc creator/import/gnu/arm/5.4.1/bin/../lib/gcc/arm-none-eabi/5.4.1/../../../../arm-none-eabi/lib/armv7-m\libg_nano.a(lib_a-exit.o) (_global_impure_ptr)
c:/program files (x86)/cypress/psoc creator/4.2/psoc creator/import/gnu/arm/5.4.1/bin/../lib/gcc/arm-none-eabi/5.4.1/../../../../arm-none-eabi/lib/armv7-m\libg_nano.a(lib_a-init.o)
                              c:/program files (x86)/cypress/psoc creator/4.2/psoc creator/import/gnu/arm/5.4.1/bin/../lib/gcc/arm-none-eabi/5.4.1/../../../../arm-none-eabi/lib/armv7-m/crt0.o (__libc_init_array)
c:/program files (x86)/cypress/psoc creator/4.2/psoc creator/import/gnu/arm/5.4.1/bin/../lib/gcc/arm-none-eabi/5.4.1/../../../../arm-none-eabi/lib/armv7-m\libg_nano.a(lib_a-memcpy-stub.o)
                              .\CortexM3\ARM_GCC_541\Debug\cyfitter_cfg.o (memcpy)
c:/program files (x86)/cypress/psoc creator/4.2/psoc creator/import/gnu/arm/5.4.1/bin/../lib/gcc/arm-none-eabi/5.4.1/../../../../arm-none-eabi/lib/armv7-m\libg_nano.a(lib_a-memset.o)
[...]
Memory Configuration

Name             Origin             Length             Attributes
rom              0x00000000         0x00040000         xr
ram              0x1fff8000         0x00010000         xrw
*default*        0x00000000         0xffffffff

Linker script and memory map

LOAD c:/program files (x86)/cypress/psoc creator/4.2/psoc creator/import/gnu/arm/5.4.1/bin/../lib/gcc/arm-none-eabi/5.4.1/armv7-m/crti.o
LOAD c:/program files (x86)/cypress/psoc creator/4.2/psoc creator/import/gnu/arm/5.4.1/bin/../lib/gcc/arm-none-eabi/5.4.1/armv7-m/crtbegin.o
LOAD c:/program files (x86)/cypress/psoc creator/4.2/psoc creator/import/gnu/arm/5.4.1/bin/../lib/gcc/arm-none-eabi/5.4.1/../../../../arm-none-eabi/lib/armv7-m/crt0.o
START GROUP
LOAD .\CortexM3\ARM_GCC_541\Debug\main.o
LOAD .\CortexM3\ARM_GCC_541\Debug\cyfitter_cfg.o
LOAD .\CortexM3\ARM_GCC_541\Debug\cymetadata.o
LOAD .\CortexM3\ARM_GCC_541\Debug\Cm3Start.o
LOAD .\CortexM3\ARM_GCC_541\Debug\CyController1.a
LOAD C:\Program Files (x86)\Cypress\PSoC Creator\4.2\PSoC Creator\psoc\content\cycomponentlibrary\CyComponentLibrary.cylib\CortexM3\ARM_GCC_541\Debug\CyComponentLibrary.a
END GROUP
START GROUP
LOAD c:/program files (x86)/cypress/psoc creator/4.2/psoc creator/import/gnu/arm/5.4.1/bin/../lib/gcc/arm-none-eabi/5.4.1/armv7-m\libgcc.a
LOAD c:/program files (x86)/cypress/psoc creator/4.2/psoc creator/import/gnu/arm/5.4.1/bin/../lib/gcc/arm-none-eabi/5.4.1/../../../../arm-none-eabi/lib/armv7-m\libg_nano.a
LOAD c:/program files (x86)/cypress/psoc creator/4.2/psoc creator/import/gnu/arm/5.4.1/bin/../lib/gcc/arm-none-eabi/5.4.1/../../../../arm-none-eabi/lib/armv7-m\libc_nano.a
END GROUP
START GROUP
LOAD c:/program files (x86)/cypress/psoc creator/4.2/psoc creator/import/gnu/arm/5.4.1/bin/../lib/gcc/arm-none-eabi/5.4.1/armv7-m\libgcc.a
LOAD c:/program files (x86)/cypress/psoc creator/4.2/psoc creator/import/gnu/arm/5.4.1/bin/../lib/gcc/arm-none-eabi/5.4.1/../../../../arm-none-eabi/lib/armv7-m\libc_nano.a
END GROUP
LOAD c:/program files (x86)/cypress/psoc creator/4.2/psoc creator/import/gnu/arm/5.4.1/bin/../lib/gcc/arm-none-eabi/5.4.1/armv7-m/crtend.o
LOAD c:/program files (x86)/cypress/psoc creator/4.2/psoc creator/import/gnu/arm/5.4.1/bin/../lib/gcc/arm-none-eabi/5.4.1/armv7-m/crtn.o
START GROUP
LOAD c:/program files (x86)/cypress/psoc creator/4.2/psoc creator/import/gnu/arm/5.4.1/bin/../lib/gcc/arm-none-eabi/5.4.1/armv7-m\libgcc.a
LOAD c:/program files (x86)/cypress/psoc creator/4.2/psoc creator/import/gnu/arm/5.4.1/bin/../lib/gcc/arm-none-eabi/5.4.1/../../../../arm-none-eabi/lib/armv7-m\libc.a
LOAD c:/program files (x86)/cypress/psoc creator/4.2/psoc creator/import/gnu/arm/5.4.1/bin/../lib/gcc/arm-none-eabi/5.4.1/../../../../arm-none-eabi/lib/armv7-m\libnosys.a
END GROUP
                0x00000000                CY_APPL_ORIGIN = 0x0
                0x00000100                CY_FLASH_ROW_SIZE = 0x100
                0x00000020                CY_ECC_ROW_SIZE = 0x20
                0x00000000                CY_EE_IN_BTLDR = 0x0
                0x00000000                CY_APPL_LOADABLE = 0x0
                0x00000800                CY_EE_SIZE = 0x800
                0x00000001                CY_APPL_NUM = 0x1
                0x00000001                CY_APPL_MAX = 0x1
                0x00000040                CY_METADATA_SIZE = 0x40
                0x00000000                CY_APPL_LOADABLE = 0x0
                0x00000000                CY_CHECKSUM_EXCLUDE_SIZE = ALIGN (0x0, CY_FLASH_ROW_SIZE)
                [!provide]                PROVIDE (__cy_heap_start, _end)
                0x00000001                PROVIDE (__cy_region_num, ((__cy_regions_end - __cy_regions) / 0x10))
                0x20008000                PROVIDE (__cy_stack, (ORIGIN (ram) + LENGTH (ram)))
                [!provide]                PROVIDE (__cy_heap_end, (__cy_stack - 0x800))

.cybootloader   0x00000000        0x0
 *(.cybootloader)
                0x00000000                appl1_start = CY_APPL_ORIGIN?CY_APPL_ORIGIN:ALIGN (CY_FLASH_ROW_SIZE)
                0x0001ff00                appl2_start = (appl1_start + ALIGN ((((LENGTH (rom) - appl1_start) - (0x2 * CY_FLASH_ROW_SIZE)) / 0x2), CY_FLASH_ROW_SIZE))
                0x00000000                appl_start = (CY_APPL_NUM == 0x1)?appl1_start:appl2_start
                0x00000000                ecc_offset = ((appl_start / CY_FLASH_ROW_SIZE) * CY_ECC_ROW_SIZE)
                0x00000000                ee_offset = (CY_APPL_LOADABLE && ! (CY_EE_IN_BTLDR))?((CY_EE_SIZE / CY_APPL_MAX) * (CY_APPL_NUM - 0x1)):0x0
                0x00000800                ee_size = (CY_APPL_LOADABLE && ! (CY_EE_IN_BTLDR))?(CY_EE_SIZE / CY_APPL_MAX):CY_EE_SIZE
                [!provide]                PROVIDE (CY_ECC_OFFSET, ecc_offset)

.text           0x00000000     0x19a6
 CREATE_OBJECT_SYMBOLS
                0x00000000                PROVIDE (__cy_interrupt_vector, RomVectors)
 *(.romvectors)
 .romvectors    0x00000000       0x10 .\CortexM3\ARM_GCC_541\Debug\Cm3Start.o
                0x00000000                RomVectors
                0x00000001                ASSERT ((. != __cy_interrupt_vector), No interrupt vector)
                0x00000001                ASSERT (CY_APPL_ORIGIN?(SIZEOF (.cybootloader) <= CY_APPL_ORIGIN):0x1, Wrong image location)
                0x00000010                PROVIDE (__cy_reset, Reset)
 *(.text.Reset)
 .text.Reset    0x00000010       0x18 .\CortexM3\ARM_GCC_541\Debug\Cm3Start.o
                0x00000010                Reset
                0x00000001                ASSERT ((. != __cy_reset), No reset code)
 *(.dma_init)
                0x00000001                ASSERT ((((appl_start + .) <= 0x10000) || 0x1), DMA Init must be within the first 64k of flash)
 *(.text .text.* .gnu.linkonce.t.*)
 .text          0x00000028       0x5c c:/program files (x86)/cypress/psoc creator/4.2/psoc creator/import/gnu/arm/5.4.1/bin/../lib/gcc/arm-none-eabi/5.4.1/armv7-m/crtbegin.o
 .text.StartUp  0x00000084       0x50 .\CortexM3\ARM_GCC_541\Debug\main.o
                0x00000084                StartUp
 .text.ReadButtons
                0x000000d4       0x24 .\CortexM3\ARM_GCC_541\Debug\main.o
                0x000000d4                ReadButtons
 .text.main     0x000000f8       0x50 .\CortexM3\ARM_GCC_541\Debug\main.o
                0x000000f8                main
 .text.cfg_write_bytes32
                0x00000148       0x34 .\CortexM3\ARM_GCC_541\Debug\cyfitter_cfg.o
 .text.ClockSetup
                0x0000017c       0x70 .\CortexM3\ARM_GCC_541\Debug\cyfitter_cfg.o
 .text.AnalogSetDefault
                0x000001ec       0x28 .\CortexM3\ARM_GCC_541\Debug\cyfitter_cfg.o
 .text.CYMEMZERO
                0x00000214        0xc .\CortexM3\ARM_GCC_541\Debug\cyfitter_cfg.o
 .text.CYCONFIGCPY
                0x00000220        0x8 .\CortexM3\ARM_GCC_541\Debug\cyfitter_cfg.o
 .text.cyfitter_cfg
                0x00000228      0x10c .\CortexM3\ARM_GCC_541\Debug\cyfitter_cfg.o
                0x00000228                cyfitter_cfg
 .text.IntDefaultHandler
                0x00000334       0x10 .\CortexM3\ARM_GCC_541\Debug\Cm3Start.o
                0x00000334                IntDefaultHandler
 .text.Start_c  0x00000344       0x4c .\CortexM3\ARM_GCC_541\Debug\Cm3Start.o
                0x00000344                Start_c
 .text.initialize_psoc
                0x00000390       0x68 .\CortexM3\ARM_GCC_541\Debug\Cm3Start.o
                0x00000390                initialize_psoc
 .text.USBFS_1_Init
                0x000003f8      0x12c .\CortexM3\ARM_GCC_541\Debug\CyController1.a(USBFS_1.o)
                0x000003f8                USBFS_1_Init
 .text.USBFS_1_InitComponent
                0x00000524       0xcc .\CortexM3\ARM_GCC_541\Debug\CyController1.a(USBFS_1.o)
                0x00000524                USBFS_1_InitComponent
 .text.USBFS_1_Start
                0x000005f0       0x24 .\CortexM3\ARM_GCC_541\Debug\CyController1.a(USBFS_1.o)
                0x000005f0                USBFS_1_Start
 .text.USBFS_1_ReInitComponent
                0x00000614       0x64 .\CortexM3\ARM_GCC_541\Debug\CyController1.a(USBFS_1.o)
                0x00000614                USBFS_1_ReInitComponent
 .text.USBFS_1_GetConfiguration
                0x00000678        0xc .\CortexM3\ARM_GCC_541\Debug\CyController1.a(USBFS_1.o)
                0x00000678                USBFS_1_GetConfiguration
 .text.USBFS_1_GetEPState
                0x00000684       0x14 .\CortexM3\ARM_GCC_541\Debug\CyController1.a(USBFS_1.o)
                0x00000684                USBFS_1_GetEPState
 .text.USBFS_1_GetEPCount
                0x00000698       0x28 .\CortexM3\ARM_GCC_541\Debug\CyController1.a(USBFS_1.o)
                0x00000698                USBFS_1_GetEPCount
 .text.USBFS_1_LoadInEP
                0x000006c0       0x94 .\CortexM3\ARM_GCC_541\Debug\CyController1.a(USBFS_1.o)
                0x000006c0                USBFS_1_LoadInEP
 .text.USBFS_1_EnableOutEP
                0x00000754       0x2c .\CortexM3\ARM_GCC_541\Debug\CyController1.a(USBFS_1.o)
                0x00000754                USBFS_1_EnableOutEP
 .text.USBFS_1_ReadOutEP
                0x00000780       0x50 .\CortexM3\ARM_GCC_541\Debug\CyController1.a(USBFS_1.o)
                0x00000780                USBFS_1_ReadOutEP
 .text.USBFS_1_GetEPAckState
                0x000007d0       0x20 .\CortexM3\ARM_GCC_541\Debug\CyController1.a(USBFS_1.o)
                0x000007d0                USBFS_1_GetEPAckState
 .text.USBFS_1_LoadEP0
                0x000007f0       0x98 .\CortexM3\ARM_GCC_541\Debug\CyController1.a(USBFS_1_drv.o)
                0x000007f0                USBFS_1_LoadEP0
 .text.USBFS_1_InitZeroLengthControlTransfer
                0x00000888       0x34 .\CortexM3\ARM_GCC_541\Debug\CyController1.a(USBFS_1_drv.o)
                0x00000888                USBFS_1_InitZeroLengthControlTransfer
 .text.USBFS_1_ControlReadDataStage
                0x000008bc        0x8 .\CortexM3\ARM_GCC_541\Debug\CyController1.a(USBFS_1_drv.o)
                0x000008bc                USBFS_1_ControlReadDataStage
 .text.USBFS_1_ControlWriteDataStage
                0x000008c4       0x84 .\CortexM3\ARM_GCC_541\Debug\CyController1.a(USBFS_1_drv.o)
                0x000008c4                USBFS_1_ControlWriteDataStage
 .text.USBFS_1_InitNoDataControlTransfer
                0x00000948       0x2c .\CortexM3\ARM_GCC_541\Debug\CyController1.a(USBFS_1_drv.o)
                0x00000948                USBFS_1_InitNoDataControlTransfer
 .text.USBFS_1_UpdateStatusBlock
                0x00000974       0x24 .\CortexM3\ARM_GCC_541\Debug\CyController1.a(USBFS_1_drv.o)
                0x00000974                USBFS_1_UpdateStatusBlock
 .text.USBFS_1_HandleSetup
                0x00000998       0x5c .\CortexM3\ARM_GCC_541\Debug\CyController1.a(USBFS_1_drv.o)
                0x00000998                USBFS_1_HandleSetup
 .text.USBFS_1_ControlReadStatusStage
                0x000009f4       0x38 .\CortexM3\ARM_GCC_541\Debug\CyController1.a(USBFS_1_drv.o)
                0x000009f4                USBFS_1_ControlReadStatusStage
 .text.USBFS_1_HandleOUT
                0x00000a2c       0x38 .\CortexM3\ARM_GCC_541\Debug\CyController1.a(USBFS_1_drv.o)
                0x00000a2c                USBFS_1_HandleOUT
 .text.USBFS_1_ControlWriteStatusStage
                0x00000a64       0x20 .\CortexM3\ARM_GCC_541\Debug\CyController1.a(USBFS_1_drv.o)
                0x00000a64                USBFS_1_ControlWriteStatusStage
 .text.USBFS_1_NoDataControlStatusStage
                0x00000a84       0x40 .\CortexM3\ARM_GCC_541\Debug\CyController1.a(USBFS_1_drv.o)
                0x00000a84                USBFS_1_NoDataControlStatusStage
 .text.USBFS_1_HandleIN
                0x00000ac4       0x2c .\CortexM3\ARM_GCC_541\Debug\CyController1.a(USBFS_1_drv.o)
                0x00000ac4                USBFS_1_HandleIN
 .text.USBFS_1_EP_0_ISR
                0x00000af0       0xb8 .\CortexM3\ARM_GCC_541\Debug\CyController1.a(USBFS_1_drv.o)
                0x00000af0                USBFS_1_EP_0_ISR
 .text.USBFS_1_InitializeStatusBlock
                0x00000ba8       0x24 .\CortexM3\ARM_GCC_541\Debug\CyController1.a(USBFS_1_drv.o)
                0x00000ba8                USBFS_1_InitializeStatusBlock
 .text.USBFS_1_InitControlRead
                0x00000bcc       0x50 .\CortexM3\ARM_GCC_541\Debug\CyController1.a(USBFS_1_drv.o)
                0x00000bcc                USBFS_1_InitControlRead
 .text.USBFS_1_InitControlWrite
                0x00000c1c       0x48 .\CortexM3\ARM_GCC_541\Debug\CyController1.a(USBFS_1_drv.o)
                0x00000c1c                USBFS_1_InitControlWrite
 .text.USBFS_1_EP_1_ISR
                0x00000c64       0x30 .\CortexM3\ARM_GCC_541\Debug\CyController1.a(USBFS_1_episr.o)
                0x00000c64                USBFS_1_EP_1_ISR
 .text.USBFS_1_EP_2_ISR
                0x00000c94       0x34 .\CortexM3\ARM_GCC_541\Debug\CyController1.a(USBFS_1_episr.o)
                0x00000c94                USBFS_1_EP_2_ISR
 .text.USBFS_1_SOF_ISR
                0x00000cc8        0x4 .\CortexM3\ARM_GCC_541\Debug\CyController1.a(USBFS_1_episr.o)
                0x00000cc8                USBFS_1_SOF_ISR
 .text.USBFS_1_BUS_RESET_ISR
                0x00000ccc        0x8 .\CortexM3\ARM_GCC_541\Debug\CyController1.a(USBFS_1_episr.o)
                0x00000ccc                USBFS_1_BUS_RESET_ISR
 .text.USBFS_1_FindHidClassDecriptor
                0x00000cd4       0x44 .\CortexM3\ARM_GCC_541\Debug\CyController1.a(USBFS_1_hid.o)
                0x00000cd4                USBFS_1_FindHidClassDecriptor
 .text.USBFS_1_FindReportDescriptor
                0x00000d18       0x4c .\CortexM3\ARM_GCC_541\Debug\CyController1.a(USBFS_1_hid.o)
                0x00000d18                USBFS_1_FindReportDescriptor
 .text.USBFS_1_FindReport
                0x00000d64       0x7c .\CortexM3\ARM_GCC_541\Debug\CyController1.a(USBFS_1_hid.o)
                0x00000d64                USBFS_1_FindReport
 .text.USBFS_1_DispatchHIDClassRqst
                0x00000de0      0x184 .\CortexM3\ARM_GCC_541\Debug\CyController1.a(USBFS_1_hid.o)
                0x00000de0                USBFS_1_DispatchHIDClassRqst
 .text.USBFS_1_DP_ISR
                0x00000f64        0x8 .\CortexM3\ARM_GCC_541\Debug\CyController1.a(USBFS_1_pm.o)
                0x00000f64                USBFS_1_DP_ISR
 .text.USBFS_1_ConfigReg
                0x00000f6c       0xa4 .\CortexM3\ARM_GCC_541\Debug\CyController1.a(USBFS_1_std.o)
                0x00000f6c                USBFS_1_ConfigReg
 .text.USBFS_1_GetConfigTablePtr
                0x00001010       0x28 .\CortexM3\ARM_GCC_541\Debug\CyController1.a(USBFS_1_std.o)
                0x00001010                USBFS_1_GetConfigTablePtr
 .text.USBFS_1_ConfigAltChanged
                0x00001038      0x11c .\CortexM3\ARM_GCC_541\Debug\CyController1.a(USBFS_1_std.o)
                0x00001038                USBFS_1_ConfigAltChanged
 .text.USBFS_1_GetDeviceTablePtr
                0x00001154       0x18 .\CortexM3\ARM_GCC_541\Debug\CyController1.a(USBFS_1_std.o)
                0x00001154                USBFS_1_GetDeviceTablePtr
 .text.USBFS_1_GetInterfaceClassTablePtr
                0x0000116c       0x28 .\CortexM3\ARM_GCC_541\Debug\CyController1.a(USBFS_1_std.o)
                0x0000116c                USBFS_1_GetInterfaceClassTablePtr
 .text.USBFS_1_Config
                0x00001194      0x1c4 .\CortexM3\ARM_GCC_541\Debug\CyController1.a(USBFS_1_std.o)
                0x00001194                USBFS_1_Config
 .text.USBFS_1_SetEndpointHalt
                0x00001358       0x64 .\CortexM3\ARM_GCC_541\Debug\CyController1.a(USBFS_1_std.o)
                0x00001358                USBFS_1_SetEndpointHalt
 .text.USBFS_1_ClearEndpointHalt
                0x000013bc       0xac .\CortexM3\ARM_GCC_541\Debug\CyController1.a(USBFS_1_std.o)
                0x000013bc                USBFS_1_ClearEndpointHalt
 .text.USBFS_1_ValidateAlternateSetting
                0x00001468       0x4c .\CortexM3\ARM_GCC_541\Debug\CyController1.a(USBFS_1_std.o)
                0x00001468                USBFS_1_ValidateAlternateSetting
 .text.USBFS_1_HandleStandardRqst
                0x000014b4      0x328 .\CortexM3\ARM_GCC_541\Debug\CyController1.a(USBFS_1_std.o)
                0x000014b4                USBFS_1_HandleStandardRqst
 .text.USBFS_1_HandleVendorRqst
                0x000017dc       0x18 .\CortexM3\ARM_GCC_541\Debug\CyController1.a(USBFS_1_vnd.o)
                0x000017dc                USBFS_1_HandleVendorRqst
 .text.ButtonReg1_Read
                0x000017f4        0xc .\CortexM3\ARM_GCC_541\Debug\CyController1.a(ButtonReg1.o)
                0x000017f4                ButtonReg1_Read
 .text.ButtonReg2_Read
                0x00001800        0xc .\CortexM3\ARM_GCC_541\Debug\CyController1.a(ButtonReg2.o)
                0x00001800                ButtonReg2_Read
 .text.ButtonReg3_Read
                0x0000180c        0xc .\CortexM3\ARM_GCC_541\Debug\CyController1.a(ButtonReg3.o)
                0x0000180c                ButtonReg3_Read
 .text.USBFS_1_Dp_ClearInterrupt
                0x00001818       0x10 .\CortexM3\ARM_GCC_541\Debug\CyController1.a(USBFS_1_Dp.o)
                0x00001818                USBFS_1_Dp_ClearInterrupt
 .text.CyHalt   0x00001828        0x4 .\CortexM3\ARM_GCC_541\Debug\CyController1.a(CyLib.o)
                0x00001828                CyHalt
 .text.CyDelayUs
                0x0000182c       0x14 .\CortexM3\ARM_GCC_541\Debug\CyController1.a(CyLib.o)
                0x0000182c                CyDelayUs
 .text.CyIntSetVector
                0x00001840       0x28 .\CortexM3\ARM_GCC_541\Debug\CyController1.a(CyLib.o)
                0x00001840                CyIntSetVector
 .text.CyIntSetPriority
                0x00001868       0x30 .\CortexM3\ARM_GCC_541\Debug\CyController1.a(CyLib.o)
                0x00001868                CyIntSetPriority
 .text.ButtonReg4_Read
                0x00001898        0xc .\CortexM3\ARM_GCC_541\Debug\CyController1.a(ButtonReg4.o)
                0x00001898                ButtonReg4_Read
 *fill*         0x000018a4        0x4 
 .text          0x000018a8       0x20 .\CortexM3\ARM_GCC_541\Debug\CyController1.a(CyBootAsmGnu.o)
                0x000018a8                CyDelayCycles
                0x000018b8                CyEnterCriticalSection
                0x000018c0                CyExitCriticalSection
 .text.USBFS_1_DispatchClassRqst
                0x000018c8       0x60 .\CortexM3\ARM_GCC_541\Debug\CyController1.a(USBFS_1_cls.o)
                0x000018c8                USBFS_1_DispatchClassRqst
 .text.__errno  0x00001928        0xc c:/program files (x86)/cypress/psoc creator/4.2/psoc creator/import/gnu/arm/5.4.1/bin/../lib/gcc/arm-none-eabi/5.4.1/../../../../arm-none-eabi/lib/armv7-m\libg_nano.a(lib_a-errno.o)
                0x00001928                __errno
 .text.__libc_init_array
                0x00001934       0x4c c:/program files (x86)/cypress/psoc creator/4.2/psoc creator/import/gnu/arm/5.4.1/bin/../lib/gcc/arm-none-eabi/5.4.1/../../../../arm-none-eabi/lib/armv7-m\libg_nano.a(lib_a-init.o)
                0x00001934                __libc_init_array
 .text.memcpy   0x00001980       0x16 c:/program files (x86)/cypress/psoc creator/4.2/psoc creator/import/gnu/arm/5.4.1/bin/../lib/gcc/arm-none-eabi/5.4.1/../../../../arm-none-eabi/lib/armv7-m\libg_nano.a(lib_a-memcpy-stub.o)
                0x00001980                memcpy
 .text.memset   0x00001996       0x10 c:/program files (x86)/cypress/psoc creator/4.2/psoc creator/import/gnu/arm/5.4.1/bin/../lib/gcc/arm-none-eabi/5.4.1/../../../../arm-none-eabi/lib/armv7-m\libg_nano.a(lib_a-memset.o)
                0x00001996                memset
 *(.plt)
 *(.gnu.warning)
 *(.glue_7t)
 .glue_7t       0x000019a6        0x0 linker stubs
 *(.glue_7)
 .glue_7        0x000019a6        0x0 linker stubs
 *(.vfp11_veneer)
 .vfp11_veneer  0x000019a6        0x0 linker stubs
 *(.bootloader)
 *(.ARM.extab* .gnu.linkonce.armextab.*)
 *(.gcc_except_table)

.v4_bx          0x000019a8        0x0
 .v4_bx         0x000019a8        0x0 linker stubs

.iplt           0x000019a8        0x0
 .iplt          0x000019a8        0x0 c:/program files (x86)/cypress/psoc creator/4.2/psoc creator/import/gnu/arm/5.4.1/bin/../lib/gcc/arm-none-eabi/5.4.1/armv7-m/crtbegin.o

.eh_frame_hdr
 *(.eh_frame_hdr)

.eh_frame       0x000019a8        0x4
 *(.eh_frame)
 .eh_frame      0x000019a8        0x0 c:/program files (x86)/cypress/psoc creator/4.2/psoc creator/import/gnu/arm/5.4.1/bin/../lib/gcc/arm-none-eabi/5.4.1/armv7-m/crtbegin.o
 .eh_frame      0x000019a8        0x4 c:/program files (x86)/cypress/psoc creator/4.2/psoc creator/import/gnu/arm/5.4.1/bin/../lib/gcc/arm-none-eabi/5.4.1/armv7-m/crtend.o
                [!provide]                PROVIDE (__exidx_start, .)

.ARM.exidx
 *(.ARM.exidx* .gnu.linkonce.armexidx.*)
                0x000019ac                __exidx_end = .

.rodata         0x000019ac      0x1b4
 *(.rodata .rodata.* .gnu.linkonce.r.*)
 .rodata        0x000019ac       0x24 .\CortexM3\ARM_GCC_541\Debug\cyfitter_cfg.o
 .rodata        0x000019d0      0x15a .\CortexM3\ARM_GCC_541\Debug\CyController1.a(USBFS_1_descr.o)
                0x000019d0                USBFS_1_TABLE
                0x000019d8                USBFS_1_DEVICE0_TABLE
                0x000019f0                USBFS_1_DEVICE0_CONFIGURATION0_TABLE
                0x00001a10                USBFS_1_DEVICE0_CONFIGURATION0_INTERFACE_CLASS
                0x00001a14                USBFS_1_DEVICE0_CONFIGURATION0_EP_SETTINGS_TABLE
                0x00001a24                USBFS_1_DEVICE0_CONFIGURATION0_INTERFACE0_TABLE
                0x00001a2c                USBFS_1_DEVICE0_CONFIGURATION0_INTERFACE0_ALTERNATE0_HID_TABLE
                0x00001a54                USBFS_1_DEVICE0_CONFIGURATION0_INTERFACE0_ALTERNATE0_HID_OUT_RPT_TABLE
                0x00001a60                USBFS_1_DEVICE0_CONFIGURATION0_INTERFACE0_ALTERNATE0_HID_IN_RPT_TABLE
                0x00001a6c                USBFS_1_HIDREPORT_DESCRIPTOR1
                0x00001aa0                USBFS_1_STRING_DESCRIPTORS
                0x00001aec                USBFS_1_DEVICE0_CONFIGURATION0_DESCR
                0x00001b18                USBFS_1_DEVICE0_DESCR
 .rodata.str1.1
                0x00001b2a        0x2 c:/program files (x86)/cypress/psoc creator/4.2/psoc creator/import/gnu/arm/5.4.1/bin/../lib/gcc/arm-none-eabi/5.4.1/../../../../arm-none-eabi/lib/armv7-m\libg_nano.a(lib_a-impure.o)
                0x00001b2c                . = ALIGN (0x4)
 *(.init)
 .init          0x00001b2c        0x4 c:/program files (x86)/cypress/psoc creator/4.2/psoc creator/import/gnu/arm/5.4.1/bin/../lib/gcc/arm-none-eabi/5.4.1/armv7-m/crti.o
                0x00001b2c                _init
 .init          0x00001b30        0x8 c:/program files (x86)/cypress/psoc creator/4.2/psoc creator/import/gnu/arm/5.4.1/bin/../lib/gcc/arm-none-eabi/5.4.1/armv7-m/crtn.o
                0x00001b38                . = ALIGN (0x4)
                0x00001b38                __preinit_array_start = .
 *(.preinit_array)
                0x00001b38                __preinit_array_end = .
                0x00001b38                . = ALIGN (0x4)
                0x00001b38                __init_array_start = .
 *(SORT(.init_array.*))
 *(.init_array)
 .init_array    0x00001b38        0x4 c:/program files (x86)/cypress/psoc creator/4.2/psoc creator/import/gnu/arm/5.4.1/bin/../lib/gcc/arm-none-eabi/5.4.1/armv7-m/crtbegin.o
 .init_array    0x00001b3c        0x4 .\CortexM3\ARM_GCC_541\Debug\Cm3Start.o
                0x00001b40                __init_array_end = .
                0x00001b40                . = ALIGN (0x4)
 *(.fini)
 .fini          0x00001b40        0x4 c:/program files (x86)/cypress/psoc creator/4.2/psoc creator/import/gnu/arm/5.4.1/bin/../lib/gcc/arm-none-eabi/5.4.1/armv7-m/crti.o
                0x00001b40                _fini
 .fini          0x00001b44        0x8 c:/program files (x86)/cypress/psoc creator/4.2/psoc creator/import/gnu/arm/5.4.1/bin/../lib/gcc/arm-none-eabi/5.4.1/armv7-m/crtn.o
                0x00001b4c                . = ALIGN (0x4)
                0x00001b4c                __fini_array_start = .
 *(.fini_array)
 .fini_array    0x00001b4c        0x4 c:/program files (x86)/cypress/psoc creator/4.2/psoc creator/import/gnu/arm/5.4.1/bin/../lib/gcc/arm-none-eabi/5.4.1/armv7-m/crtbegin.o
 *(SORT(.fini_array.*))
                0x00001b50                __fini_array_end = .
                0x00001b50                . = ALIGN (0x4)
 *crtbegin.o(.ctors)
 *(EXCLUDE_FILE(*crtend.o) .ctors)
 *(SORT(.ctors.*))
 *crtend.o(.ctors)
                0x00001b50                . = ALIGN (0x4)
 *crtbegin.o(.dtors)
 *(EXCLUDE_FILE(*crtend.o) .dtors)
 *(SORT(.dtors.*))
 *crtend.o(.dtors)
                0x00001b50                . = ALIGN (0x4)
                0x00001b50                __cy_regions = .
                0x00001b50        0x4 LONG 0x1b60 __cy_region_init_ram
                0x00001b54        0x4 LONG 0x1fff80c8 __cy_region_start_data
                0x00001b58        0x4 LONG 0x78 __cy_region_init_size_ram
                0x00001b5c        0x4 LONG 0xe0 __cy_region_zero_size_ram
                0x00001b60                __cy_regions_end = .
                0x00001b60                . = ALIGN (0x8)
                0x00001b60                _etext = .

.cy_checksum_exclude
                0x00001b60        0x0
 *(.cy_checksum_exclude)

.ramvectors     0x1fff8000       0xc0
                0x1fff8000                __cy_region_start_ram = .
 *(.ramvectors)
 .ramvectors    0x1fff8000       0xc0 .\CortexM3\ARM_GCC_541\Debug\Cm3Start.o
                0x1fff8000                CyRamVectors

.noinit         0x1fff80c0        0x1
 *(.noinit)
 .noinit        0x1fff80c0        0x1 .\CortexM3\ARM_GCC_541\Debug\CyController1.a(CyLib.o)
                0x1fff80c0                CyResetStatus

.data           0x1fff80c8       0x78 load address 0x00001b60
                0x1fff80c8                __cy_region_start_data = .
 *(.jcr)
 .jcr           0x1fff80c8        0x0 c:/program files (x86)/cypress/psoc creator/4.2/psoc creator/import/gnu/arm/5.4.1/bin/../lib/gcc/arm-none-eabi/5.4.1/armv7-m/crtbegin.o
 .jcr           0x1fff80c8        0x4 c:/program files (x86)/cypress/psoc creator/4.2/psoc creator/import/gnu/arm/5.4.1/bin/../lib/gcc/arm-none-eabi/5.4.1/armv7-m/crtend.o
 *(.got.plt)
 *(.got)
 *(.shdata)
 *(.data .data.* .gnu.linkonce.d.*)
 .data          0x1fff80cc       0x10 .\CortexM3\ARM_GCC_541\Debug\CyController1.a(CyLib.o)
                0x1fff80cc                cydelay_32k_ms
                0x1fff80d0                cydelay_freq_khz
                0x1fff80d4                cydelay_freq_mhz
                0x1fff80d8                cydelay_freq_hz
 .data.impure_data
                0x1fff80dc       0x60 c:/program files (x86)/cypress/psoc creator/4.2/psoc creator/import/gnu/arm/5.4.1/bin/../lib/gcc/arm-none-eabi/5.4.1/../../../../arm-none-eabi/lib/armv7-m\libg_nano.a(lib_a-impure.o)
 .data._impure_ptr
                0x1fff813c        0x4 c:/program files (x86)/cypress/psoc creator/4.2/psoc creator/import/gnu/arm/5.4.1/bin/../lib/gcc/arm-none-eabi/5.4.1/../../../../arm-none-eabi/lib/armv7-m\libg_nano.a(lib_a-impure.o)
                0x1fff813c                _impure_ptr
                0x1fff8140                . = ALIGN (0x8)
 *(.ram)
                0x1fff8140                _edata = .

.igot.plt       0x1fff8140        0x0 load address 0x00001bd8
 .igot.plt      0x1fff8140        0x0 c:/program files (x86)/cypress/psoc creator/4.2/psoc creator/import/gnu/arm/5.4.1/bin/../lib/gcc/arm-none-eabi/5.4.1/armv7-m/crtbegin.o

.bss            0x1fff8140       0xe0 load address 0x00001bd8
                0x1fff8140                PROVIDE (__bss_start__, .)
 *(.shbss)
 *(.bss .bss.* .gnu.linkonce.b.*)
 .bss           0x1fff8140       0x1c c:/program files (x86)/cypress/psoc creator/4.2/psoc creator/import/gnu/arm/5.4.1/bin/../lib/gcc/arm-none-eabi/5.4.1/armv7-m/crtbegin.o
 .bss           0x1fff815c        0x6 .\CortexM3\ARM_GCC_541\Debug\main.o
 .bss           0x1fff8162        0x1 .\CortexM3\ARM_GCC_541\Debug\CyController1.a(USBFS_1.o)
                0x1fff8162                USBFS_1_initVar
 *fill*         0x1fff8163        0x1 
 .bss           0x1fff8164        0x2 .\CortexM3\ARM_GCC_541\Debug\CyController1.a(USBFS_1_std.o)
 *(COMMON)
 *fill*         0x1fff8166        0x2 
 COMMON         0x1fff8168       0x96 .\CortexM3\ARM_GCC_541\Debug\CyController1.a(USBFS_1_drv.o)
                0x1fff8168                USBFS_1_lastPacketSize
                0x1fff816a                USBFS_1_transferByteCount
                0x1fff816c                USBFS_1_interfaceSetting
                0x1fff8170                USBFS_1_interfaceClass
                0x1fff8174                USBFS_1_device
                0x1fff8175                USBFS_1_deviceAddress
                0x1fff8176                USBFS_1_ep0Count
                0x1fff8177                USBFS_1_ep0Mode
                0x1fff8178                USBFS_1_currentTD
                0x1fff8184                USBFS_1_configuration
                0x1fff8188                USBFS_1_interfaceSettingLast
                0x1fff8189                USBFS_1_interfaceNumber
                0x1fff818a                USBFS_1_configurationChanged
                0x1fff818b                USBFS_1_transferState
                0x1fff818c                USBFS_1_EP
                0x1fff81f8                USBFS_1_ep0Toggle
                0x1fff81fc                USBFS_1_interfaceStatus
                0x1fff81fd                USBFS_1_deviceStatus
 *fill*         0x1fff81fe        0x2 
 COMMON         0x1fff8200        0x9 .\CortexM3\ARM_GCC_541\Debug\CyController1.a(USBFS_1_hid.o)
                0x1fff8200                USBFS_1_hidIdleTimer
                0x1fff8204                USBFS_1_hidIdleRate
                0x1fff8208                USBFS_1_hidProtocol
 *fill*         0x1fff8209        0x3 
 COMMON         0x1fff820c       0x14 .\CortexM3\ARM_GCC_541\Debug\CyController1.a(USBFS_1_descr.o)
                0x1fff820c                USBFS_1_DEVICE0_CONFIGURATION0_INTERFACE0_ALTERNATE0_HID_OUT_BUF
                0x1fff8210                USBFS_1_DEVICE0_CONFIGURATION0_INTERFACE0_ALTERNATE0_HID_IN_RPT_SCB
                0x1fff8214                USBFS_1_DEVICE0_CONFIGURATION0_INTERFACE0_ALTERNATE0_HID_IN_BUF
                0x1fff821c                USBFS_1_DEVICE0_CONFIGURATION0_INTERFACE0_ALTERNATE0_HID_OUT_RPT_SCB
                0x1fff8220                . = ALIGN (0x8)
 *(.ram.b)
                0x1fff8220                _end = .
                0x1fff8220                __end = .
                0x1fff8220                PROVIDE (end, .)
                0x1fff8220                PROVIDE (__bss_end__, .)
                0x00001b60                __cy_region_init_ram = LOADADDR (.data)
                0x00000078                __cy_region_init_size_ram = (_edata - ADDR (.data))
                0x000000e0                __cy_region_zero_size_ram = (_end - _edata)

.heap           0x1fff8220       0x80 load address 0x00001bd8
                0x1fff8220                . = _end
                0x1fff82a0                . = (. + 0x80)
 *fill*         0x1fff8220       0x80 
                0x1fff82a0                __cy_heap_limit = .

.stack          0x20007800      0x800
                0x20007800                __cy_stack_limit = .
                0x20008000                . = (. + 0x800)
 *fill*         0x20007800      0x800 
                0x00000001                ASSERT ((__cy_stack_limit >= __cy_heap_limit), region RAM overflowed with stack)
                0x00000000                cy_checksum_exclude_size = (CY_APPL_LOADABLE == 0x1)?SIZEOF (.cy_checksum_exclude):0x0
                0x00000001                ASSERT ((cy_checksum_exclude_size <= CY_CHECKSUM_EXCLUDE_SIZE), CY_BOOT: Section .cy_checksum_exclude size exceedes specified limit.)

.cyloadermeta
 *(.cyloadermeta)

.cyloadablemeta
 *(.cyloadablemeta)

.cyconfigecc    0x80000000      0x468
 *(.cyconfigecc)
 .cyconfigecc   0x80000000      0x468 .\CortexM3\ARM_GCC_541\Debug\cymetadata.o
                0x80000000                cy_meta_configecc

.cycustnvl      0x90000000        0x4
 *(.cycustnvl)
 .cycustnvl     0x90000000        0x4 .\CortexM3\ARM_GCC_541\Debug\cymetadata.o
                0x90000000                cy_meta_custnvl

.cywolatch      0x90100000        0x4
 *(.cywolatch)
 .cywolatch     0x90100000        0x4 .\CortexM3\ARM_GCC_541\Debug\cymetadata.o
                0x90100000                cy_meta_wonvl

.cyeeprom       0x90200000        0x0
 *(.cyeeprom)
                0x00000001                ASSERT ((. <= ((0x90200000 + ee_offset) + ee_size)), .cyeeprom data will not fit in EEPROM)

.cyflashprotect
                0x90400000      0x100
 *(.cyflashprotect)
 .cyflashprotect
                0x90400000      0x100 .\CortexM3\ARM_GCC_541\Debug\cymetadata.o
                0x90400000                cy_meta_flashprotect

.cymeta         0x90500000        0xc
 *(.cymeta)
 .cymeta        0x90500000        0xc .\CortexM3\ARM_GCC_541\Debug\cymetadata.o
                0x90500000                cy_metadata

.rel.dyn        0x00001bd8        0x0 load address 0x9050000c
 .rel.iplt      0x00001bd8        0x0 c:/program files (x86)/cypress/psoc creator/4.2/psoc creator/import/gnu/arm/5.4.1/bin/../lib/gcc/arm-none-eabi/5.4.1/armv7-m/crtbegin.o

.stab
 *(.stab)

.stabstr
 *(.stabstr)

.debug
 *(.debug)

.line
 *(.line)

.debug_srcinfo
 *(.debug_srcinfo)

.debug_sfnames
 *(.debug_sfnames)

.debug_aranges  0x00000000      0x988
 *(.debug_aranges)
 .debug_aranges
                0x00000000       0x40 .\CortexM3\ARM_GCC_541\Debug\main.o
 .debug_aranges
                0x00000040       0x50 .\CortexM3\ARM_GCC_541\Debug\cyfitter_cfg.o
 .debug_aranges
                0x00000090       0x18 .\CortexM3\ARM_GCC_541\Debug\cymetadata.o
 .debug_aranges
                0x000000a8       0x48 .\CortexM3\ARM_GCC_541\Debug\Cm3Start.o
 .debug_aranges
                0x000000f0       0xc8 .\CortexM3\ARM_GCC_541\Debug\CyController1.a(USBFS_1.o)
 .debug_aranges
                0x000001b8       0x98 .\CortexM3\ARM_GCC_541\Debug\CyController1.a(USBFS_1_drv.o)
 .debug_aranges
                0x00000250       0x38 .\CortexM3\ARM_GCC_541\Debug\CyController1.a(USBFS_1_episr.o)
 .debug_aranges
                0x00000288       0x48 .\CortexM3\ARM_GCC_541\Debug\CyController1.a(USBFS_1_hid.o)
 .debug_aranges
                0x000002d0       0x40 .\CortexM3\ARM_GCC_541\Debug\CyController1.a(USBFS_1_pm.o)
 .debug_aranges
                0x00000310       0x78 .\CortexM3\ARM_GCC_541\Debug\CyController1.a(USBFS_1_std.o)
 .debug_aranges
                0x00000388       0x20 .\CortexM3\ARM_GCC_541\Debug\CyController1.a(USBFS_1_vnd.o)
 .debug_aranges
                0x000003a8       0x40 .\CortexM3\ARM_GCC_541\Debug\CyController1.a(ButtonReg1.o)
 .debug_aranges
                0x000003e8       0x40 .\CortexM3\ARM_GCC_541\Debug\CyController1.a(ButtonReg2.o)
 .debug_aranges
                0x00000428       0x40 .\CortexM3\ARM_GCC_541\Debug\CyController1.a(ButtonReg3.o)
 .debug_aranges
                0x00000468       0x48 .\CortexM3\ARM_GCC_541\Debug\CyController1.a(USBFS_1_Dp.o)
 .debug_aranges
                0x000004b0      0x2a0 .\CortexM3\ARM_GCC_541\Debug\CyController1.a(CyLib.o)
 .debug_aranges
                0x00000750       0x98 .\CortexM3\ARM_GCC_541\Debug\CyController1.a(cyPm.o)
 .debug_aranges
                0x000007e8       0x40 .\CortexM3\ARM_GCC_541\Debug\CyController1.a(ButtonReg4.o)
 .debug_aranges
                0x00000828       0x20 .\CortexM3\ARM_GCC_541\Debug\CyController1.a(CyBootAsmGnu.o)
 .debug_aranges
                0x00000848       0x20 .\CortexM3\ARM_GCC_541\Debug\CyController1.a(USBFS_1_cls.o)
 .debug_aranges
                0x00000868       0x18 .\CortexM3\ARM_GCC_541\Debug\CyController1.a(USBFS_1_descr.o)
 .debug_aranges
                0x00000880       0x88 .\CortexM3\ARM_GCC_541\Debug\CyController1.a(CyFlash.o)
 .debug_aranges
                0x00000908       0x80 .\CortexM3\ARM_GCC_541\Debug\CyController1.a(CySpc.o)

.debug_pubnames
 *(.debug_pubnames)

.debug_info     0x00000000     0x6837
 *(.debug_info .gnu.linkonce.wi.*)
 .debug_info    0x00000000      0x355 .\CortexM3\ARM_GCC_541\Debug\main.o
 .debug_info    0x00000355      0x4c3 .\CortexM3\ARM_GCC_541\Debug\cyfitter_cfg.o
 .debug_info    0x00000818      0x136 .\CortexM3\ARM_GCC_541\Debug\cymetadata.o
 .debug_info    0x0000094e      0x3bb .\CortexM3\ARM_GCC_541\Debug\Cm3Start.o
 .debug_info    0x00000d09      0x99a .\CortexM3\ARM_GCC_541\Debug\CyController1.a(USBFS_1.o)
 .debug_info    0x000016a3      0x655 .\CortexM3\ARM_GCC_541\Debug\CyController1.a(USBFS_1_drv.o)
 .debug_info    0x00001cf8      0x243 .\CortexM3\ARM_GCC_541\Debug\CyController1.a(USBFS_1_episr.o)
 .debug_info    0x00001f3b      0x43b .\CortexM3\ARM_GCC_541\Debug\CyController1.a(USBFS_1_hid.o)
 .debug_info    0x00002376      0x2e4 .\CortexM3\ARM_GCC_541\Debug\CyController1.a(USBFS_1_pm.o)
 .debug_info    0x0000265a      0x9ed .\CortexM3\ARM_GCC_541\Debug\CyController1.a(USBFS_1_std.o)
 .debug_info    0x00003047       0xed .\CortexM3\ARM_GCC_541\Debug\CyController1.a(USBFS_1_vnd.o)
 .debug_info    0x00003134      0x17d .\CortexM3\ARM_GCC_541\Debug\CyController1.a(ButtonReg1.o)
 .debug_info    0x000032b1      0x17d .\CortexM3\ARM_GCC_541\Debug\CyController1.a(ButtonReg2.o)
 .debug_info    0x0000342e      0x17d .\CortexM3\ARM_GCC_541\Debug\CyController1.a(ButtonReg3.o)
 .debug_info    0x000035ab      0x174 .\CortexM3\ARM_GCC_541\Debug\CyController1.a(USBFS_1_Dp.o)
 .debug_info    0x0000371f     0x1374 .\CortexM3\ARM_GCC_541\Debug\CyController1.a(CyLib.o)
 .debug_info    0x00004a93      0xa2a .\CortexM3\ARM_GCC_541\Debug\CyController1.a(cyPm.o)
 .debug_info    0x000054bd      0x17d .\CortexM3\ARM_GCC_541\Debug\CyController1.a(ButtonReg4.o)
 .debug_info    0x0000563a       0x99 .\CortexM3\ARM_GCC_541\Debug\CyController1.a(CyBootAsmGnu.o)
 .debug_info    0x000056d3      0x1de .\CortexM3\ARM_GCC_541\Debug\CyController1.a(USBFS_1_cls.o)
 .debug_info    0x000058b1      0x3e9 .\CortexM3\ARM_GCC_541\Debug\CyController1.a(USBFS_1_descr.o)
 .debug_info    0x00005c9a      0x64d .\CortexM3\ARM_GCC_541\Debug\CyController1.a(CyFlash.o)
 .debug_info    0x000062e7      0x550 .\CortexM3\ARM_GCC_541\Debug\CyController1.a(CySpc.o)

.debug_abbrev   0x00000000     0x1b5c
 *(.debug_abbrev)
 .debug_abbrev  0x00000000      0x14a .\CortexM3\ARM_GCC_541\Debug\main.o
 .debug_abbrev  0x0000014a      0x1e8 .\CortexM3\ARM_GCC_541\Debug\cyfitter_cfg.o
 .debug_abbrev  0x00000332       0x77 .\CortexM3\ARM_GCC_541\Debug\cymetadata.o
 .debug_abbrev  0x000003a9      0x1e8 .\CortexM3\ARM_GCC_541\Debug\Cm3Start.o
 .debug_abbrev  0x00000591      0x215 .\CortexM3\ARM_GCC_541\Debug\CyController1.a(USBFS_1.o)
 .debug_abbrev  0x000007a6      0x189 .\CortexM3\ARM_GCC_541\Debug\CyController1.a(USBFS_1_drv.o)
 .debug_abbrev  0x0000092f      0x11b .\CortexM3\ARM_GCC_541\Debug\CyController1.a(USBFS_1_episr.o)
 .debug_abbrev  0x00000a4a      0x16d .\CortexM3\ARM_GCC_541\Debug\CyController1.a(USBFS_1_hid.o)
 .debug_abbrev  0x00000bb7      0x108 .\CortexM3\ARM_GCC_541\Debug\CyController1.a(USBFS_1_pm.o)
 .debug_abbrev  0x00000cbf      0x1d8 .\CortexM3\ARM_GCC_541\Debug\CyController1.a(USBFS_1_std.o)
 .debug_abbrev  0x00000e97       0x9b .\CortexM3\ARM_GCC_541\Debug\CyController1.a(USBFS_1_vnd.o)
 .debug_abbrev  0x00000f32       0xac .\CortexM3\ARM_GCC_541\Debug\CyController1.a(ButtonReg1.o)
 .debug_abbrev  0x00000fde       0xac .\CortexM3\ARM_GCC_541\Debug\CyController1.a(ButtonReg2.o)
 .debug_abbrev  0x0000108a       0xac .\CortexM3\ARM_GCC_541\Debug\CyController1.a(ButtonReg3.o)
 .debug_abbrev  0x00001136       0x90 .\CortexM3\ARM_GCC_541\Debug\CyController1.a(USBFS_1_Dp.o)
 .debug_abbrev  0x000011c6      0x254 .\CortexM3\ARM_GCC_541\Debug\CyController1.a(CyLib.o)
 .debug_abbrev  0x0000141a      0x1ab .\CortexM3\ARM_GCC_541\Debug\CyController1.a(cyPm.o)
 .debug_abbrev  0x000015c5       0xac .\CortexM3\ARM_GCC_541\Debug\CyController1.a(ButtonReg4.o)
 .debug_abbrev  0x00001671       0x14 .\CortexM3\ARM_GCC_541\Debug\CyController1.a(CyBootAsmGnu.o)
 .debug_abbrev  0x00001685       0xe1 .\CortexM3\ARM_GCC_541\Debug\CyController1.a(USBFS_1_cls.o)
 .debug_abbrev  0x00001766       0xbb .\CortexM3\ARM_GCC_541\Debug\CyController1.a(USBFS_1_descr.o)
 .debug_abbrev  0x00001821      0x1a7 .\CortexM3\ARM_GCC_541\Debug\CyController1.a(CyFlash.o)
 .debug_abbrev  0x000019c8      0x194 .\CortexM3\ARM_GCC_541\Debug\CyController1.a(CySpc.o)

.debug_line     0x00000000     0x2841
 *(.debug_line)
 .debug_line    0x00000000      0x231 .\CortexM3\ARM_GCC_541\Debug\main.o
 .debug_line    0x00000231      0x19b .\CortexM3\ARM_GCC_541\Debug\cyfitter_cfg.o
 .debug_line    0x000003cc      0x141 .\CortexM3\ARM_GCC_541\Debug\cymetadata.o
 .debug_line    0x0000050d      0x234 .\CortexM3\ARM_GCC_541\Debug\Cm3Start.o
 .debug_line    0x00000741      0x2f8 .\CortexM3\ARM_GCC_541\Debug\CyController1.a(USBFS_1.o)
 .debug_line    0x00000a39      0x221 .\CortexM3\ARM_GCC_541\Debug\CyController1.a(USBFS_1_drv.o)
 .debug_line    0x00000c5a       0xcb .\CortexM3\ARM_GCC_541\Debug\CyController1.a(USBFS_1_episr.o)
 .debug_line    0x00000d25      0x14f .\CortexM3\ARM_GCC_541\Debug\CyController1.a(USBFS_1_hid.o)
 .debug_line    0x00000e74      0x10e .\CortexM3\ARM_GCC_541\Debug\CyController1.a(USBFS_1_pm.o)
 .debug_line    0x00000f82      0x36c .\CortexM3\ARM_GCC_541\Debug\CyController1.a(USBFS_1_std.o)
 .debug_line    0x000012ee       0x73 .\CortexM3\ARM_GCC_541\Debug\CyController1.a(USBFS_1_vnd.o)
 .debug_line    0x00001361       0xb5 .\CortexM3\ARM_GCC_541\Debug\CyController1.a(ButtonReg1.o)
 .debug_line    0x00001416       0xb5 .\CortexM3\ARM_GCC_541\Debug\CyController1.a(ButtonReg2.o)
 .debug_line    0x000014cb       0xb5 .\CortexM3\ARM_GCC_541\Debug\CyController1.a(ButtonReg3.o)
 .debug_line    0x00001580       0xbb .\CortexM3\ARM_GCC_541\Debug\CyController1.a(USBFS_1_Dp.o)
 .debug_line    0x0000163b      0x816 .\CortexM3\ARM_GCC_541\Debug\CyController1.a(CyLib.o)
 .debug_line    0x00001e51      0x367 .\CortexM3\ARM_GCC_541\Debug\CyController1.a(cyPm.o)
 .debug_line    0x000021b8       0xb5 .\CortexM3\ARM_GCC_541\Debug\CyController1.a(ButtonReg4.o)
 .debug_line    0x0000226d       0x66 .\CortexM3\ARM_GCC_541\Debug\CyController1.a(CyBootAsmGnu.o)
 .debug_line    0x000022d3       0x93 .\CortexM3\ARM_GCC_541\Debug\CyController1.a(USBFS_1_cls.o)
 .debug_line    0x00002366       0x61 .\CortexM3\ARM_GCC_541\Debug\CyController1.a(USBFS_1_descr.o)
 .debug_line    0x000023c7      0x21a .\CortexM3\ARM_GCC_541\Debug\CyController1.a(CyFlash.o)
 .debug_line    0x000025e1      0x260 .\CortexM3\ARM_GCC_541\Debug\CyController1.a(CySpc.o)

.debug_frame    0x00000000     0x17f8
 *(.debug_frame)
 .debug_frame   0x00000000       0x84 .\CortexM3\ARM_GCC_541\Debug\main.o
 .debug_frame   0x00000084       0xc4 .\CortexM3\ARM_GCC_541\Debug\cyfitter_cfg.o
 .debug_frame   0x00000148       0xb8 .\CortexM3\ARM_GCC_541\Debug\Cm3Start.o
 .debug_frame   0x00000200      0x1dc .\CortexM3\ARM_GCC_541\Debug\CyController1.a(USBFS_1.o)
 .debug_frame   0x000003dc      0x194 .\CortexM3\ARM_GCC_541\Debug\CyController1.a(USBFS_1_drv.o)
 .debug_frame   0x00000570       0x5c .\CortexM3\ARM_GCC_541\Debug\CyController1.a(USBFS_1_episr.o)
 .debug_frame   0x000005cc       0xa0 .\CortexM3\ARM_GCC_541\Debug\CyController1.a(USBFS_1_hid.o)
 .debug_frame   0x0000066c       0xa0 .\CortexM3\ARM_GCC_541\Debug\CyController1.a(USBFS_1_pm.o)
 .debug_frame   0x0000070c      0x150 .\CortexM3\ARM_GCC_541\Debug\CyController1.a(USBFS_1_std.o)
 .debug_frame   0x0000085c       0x20 .\CortexM3\ARM_GCC_541\Debug\CyController1.a(USBFS_1_vnd.o)
 .debug_frame   0x0000087c       0x78 .\CortexM3\ARM_GCC_541\Debug\CyController1.a(ButtonReg1.o)
 .debug_frame   0x000008f4       0x78 .\CortexM3\ARM_GCC_541\Debug\CyController1.a(ButtonReg2.o)
 .debug_frame   0x0000096c       0x78 .\CortexM3\ARM_GCC_541\Debug\CyController1.a(ButtonReg3.o)
 .debug_frame   0x000009e4       0x70 .\CortexM3\ARM_GCC_541\Debug\CyController1.a(USBFS_1_Dp.o)
 .debug_frame   0x00000a54      0x738 .\CortexM3\ARM_GCC_541\Debug\CyController1.a(CyLib.o)
 .debug_frame   0x0000118c      0x1f8 .\CortexM3\ARM_GCC_541\Debug\CyController1.a(cyPm.o)
 .debug_frame   0x00001384       0x78 .\CortexM3\ARM_GCC_541\Debug\CyController1.a(ButtonReg4.o)
 .debug_frame   0x000013fc       0x2c .\CortexM3\ARM_GCC_541\Debug\CyController1.a(USBFS_1_cls.o)
 .debug_frame   0x00001428      0x194 .\CortexM3\ARM_GCC_541\Debug\CyController1.a(CyFlash.o)
 .debug_frame   0x000015bc      0x180 .\CortexM3\ARM_GCC_541\Debug\CyController1.a(CySpc.o)
 .debug_frame   0x0000173c       0x20 c:/program files (x86)/cypress/psoc creator/4.2/psoc creator/import/gnu/arm/5.4.1/bin/../lib/gcc/arm-none-eabi/5.4.1/../../../../arm-none-eabi/lib/armv7-m\libg_nano.a(lib_a-errno.o)
 .debug_frame   0x0000175c       0x28 c:/program files (x86)/cypress/psoc creator/4.2/psoc creator/import/gnu/arm/5.4.1/bin/../lib/gcc/arm-none-eabi/5.4.1/../../../../arm-none-eabi/lib/armv7-m\libg_nano.a(lib_a-exit.o)
 .debug_frame   0x00001784       0x2c c:/program files (x86)/cypress/psoc creator/4.2/psoc creator/import/gnu/arm/5.4.1/bin/../lib/gcc/arm-none-eabi/5.4.1/../../../../arm-none-eabi/lib/armv7-m\libg_nano.a(lib_a-init.o)
 .debug_frame   0x000017b0       0x28 c:/program files (x86)/cypress/psoc creator/4.2/psoc creator/import/gnu/arm/5.4.1/bin/../lib/gcc/arm-none-eabi/5.4.1/../../../../arm-none-eabi/lib/armv7-m\libg_nano.a(lib_a-memcpy-stub.o)
 .debug_frame   0x000017d8       0x20 c:/program files (x86)/cypress/psoc creator/4.2/psoc creator/import/gnu/arm/5.4.1/bin/../lib/gcc/arm-none-eabi/5.4.1/../../../../arm-none-eabi/lib/armv7-m\libg_nano.a(lib_a-memset.o)

.debug_str      0x00000000     0x2596
 *(.debug_str)
 .debug_str     0x00000000      0x2a0 .\CortexM3\ARM_GCC_541\Debug\main.o
                                0x2ed (size before relaxing)
 .debug_str     0x000002a0      0x13e .\CortexM3\ARM_GCC_541\Debug\cyfitter_cfg.o
                                0x2dc (size before relaxing)
 .debug_str     0x000003de       0x7f .\CortexM3\ARM_GCC_541\Debug\cymetadata.o
                                0x1ed (size before relaxing)
 .debug_str     0x0000045d      0x144 .\CortexM3\ARM_GCC_541\Debug\Cm3Start.o
                                0x313 (size before relaxing)
 .debug_str     0x000005a1      0x42d .\CortexM3\ARM_GCC_541\Debug\CyController1.a(USBFS_1.o)
                                0x687 (size before relaxing)
 .debug_str     0x000009ce      0x35a .\CortexM3\ARM_GCC_541\Debug\CyController1.a(USBFS_1_drv.o)
                                0x651 (size before relaxing)
 .debug_str     0x00000d28       0x6f .\CortexM3\ARM_GCC_541\Debug\CyController1.a(USBFS_1_episr.o)
                                0x2d7 (size before relaxing)
 .debug_str     0x00000d97      0x13a .\CortexM3\ARM_GCC_541\Debug\CyController1.a(USBFS_1_hid.o)
                                0x40b (size before relaxing)
 .debug_str     0x00000ed1       0xd2 .\CortexM3\ARM_GCC_541\Debug\CyController1.a(USBFS_1_pm.o)
                                0x2f9 (size before relaxing)
 .debug_str     0x00000fa3      0x208 .\CortexM3\ARM_GCC_541\Debug\CyController1.a(USBFS_1_std.o)
                                0x729 (size before relaxing)
 .debug_str     0x000011ab       0x25 .\CortexM3\ARM_GCC_541\Debug\CyController1.a(USBFS_1_vnd.o)
                                0x1f6 (size before relaxing)
 .debug_str     0x000011d0       0x98 .\CortexM3\ARM_GCC_541\Debug\CyController1.a(ButtonReg1.o)
                                0x264 (size before relaxing)
 .debug_str     0x00001268       0x84 .\CortexM3\ARM_GCC_541\Debug\CyController1.a(ButtonReg2.o)
                                0x264 (size before relaxing)
 .debug_str     0x000012ec       0x84 .\CortexM3\ARM_GCC_541\Debug\CyController1.a(ButtonReg3.o)
                                0x264 (size before relaxing)
 .debug_str     0x00001370       0xa4 .\CortexM3\ARM_GCC_541\Debug\CyController1.a(USBFS_1_Dp.o)
                                0x24a (size before relaxing)
 .debug_str     0x00001414      0x7ec .\CortexM3\ARM_GCC_541\Debug\CyController1.a(CyLib.o)
                                0xa50 (size before relaxing)
 .debug_str     0x00001c00      0x365 .\CortexM3\ARM_GCC_541\Debug\CyController1.a(cyPm.o)
                                0x73c (size before relaxing)
 .debug_str     0x00001f65       0x84 .\CortexM3\ARM_GCC_541\Debug\CyController1.a(ButtonReg4.o)
                                0x264 (size before relaxing)
 .debug_str     0x00001fe9       0x25 .\CortexM3\ARM_GCC_541\Debug\CyController1.a(USBFS_1_cls.o)
                                0x2b5 (size before relaxing)
 .debug_str     0x0000200e      0x321 .\CortexM3\ARM_GCC_541\Debug\CyController1.a(USBFS_1_descr.o)
                                0x592 (size before relaxing)
 .debug_str     0x0000232f      0x1bb .\CortexM3\ARM_GCC_541\Debug\CyController1.a(CyFlash.o)
                                0x3c9 (size before relaxing)
 .debug_str     0x000024ea       0xac .\CortexM3\ARM_GCC_541\Debug\CyController1.a(CySpc.o)
                                0x341 (size before relaxing)

.debug_loc      0x00000000     0x2d4e
 *(.debug_loc)
 .debug_loc     0x00000000       0x53 .\CortexM3\ARM_GCC_541\Debug\main.o
 .debug_loc     0x00000053      0x18e .\CortexM3\ARM_GCC_541\Debug\cyfitter_cfg.o
 .debug_loc     0x000001e1      0x144 .\CortexM3\ARM_GCC_541\Debug\Cm3Start.o
 .debug_loc     0x00000325      0x435 .\CortexM3\ARM_GCC_541\Debug\CyController1.a(USBFS_1.o)
 .debug_loc     0x0000075a      0x171 .\CortexM3\ARM_GCC_541\Debug\CyController1.a(USBFS_1_drv.o)
 .debug_loc     0x000008cb      0x3a8 .\CortexM3\ARM_GCC_541\Debug\CyController1.a(USBFS_1_hid.o)
 .debug_loc     0x00000c73       0x26 .\CortexM3\ARM_GCC_541\Debug\CyController1.a(USBFS_1_pm.o)
 .debug_loc     0x00000c99      0x883 .\CortexM3\ARM_GCC_541\Debug\CyController1.a(USBFS_1_std.o)
 .debug_loc     0x0000151c       0x26 .\CortexM3\ARM_GCC_541\Debug\CyController1.a(ButtonReg1.o)
 .debug_loc     0x00001542       0x26 .\CortexM3\ARM_GCC_541\Debug\CyController1.a(ButtonReg2.o)
 .debug_loc     0x00001568       0x26 .\CortexM3\ARM_GCC_541\Debug\CyController1.a(ButtonReg3.o)
 .debug_loc     0x0000158e       0x84 .\CortexM3\ARM_GCC_541\Debug\CyController1.a(USBFS_1_Dp.o)
 .debug_loc     0x00001612      0xa11 .\CortexM3\ARM_GCC_541\Debug\CyController1.a(CyLib.o)
 .debug_loc     0x00002023      0x1e4 .\CortexM3\ARM_GCC_541\Debug\CyController1.a(cyPm.o)
 .debug_loc     0x00002207       0x26 .\CortexM3\ARM_GCC_541\Debug\CyController1.a(ButtonReg4.o)
 .debug_loc     0x0000222d       0x6a .\CortexM3\ARM_GCC_541\Debug\CyController1.a(USBFS_1_cls.o)
 .debug_loc     0x00002297      0x3b2 .\CortexM3\ARM_GCC_541\Debug\CyController1.a(CyFlash.o)
 .debug_loc     0x00002649      0x705 .\CortexM3\ARM_GCC_541\Debug\CyController1.a(CySpc.o)

.debug_macinfo
 *(.debug_macinfo)

.debug_ranges   0x00000000      0x810
 *(.debug_ranges)
 .debug_ranges  0x00000000       0x30 .\CortexM3\ARM_GCC_541\Debug\main.o
 .debug_ranges  0x00000030       0x40 .\CortexM3\ARM_GCC_541\Debug\cyfitter_cfg.o
 .debug_ranges  0x00000070       0x38 .\CortexM3\ARM_GCC_541\Debug\Cm3Start.o
 .debug_ranges  0x000000a8       0xd0 .\CortexM3\ARM_GCC_541\Debug\CyController1.a(USBFS_1.o)
 .debug_ranges  0x00000178       0x88 .\CortexM3\ARM_GCC_541\Debug\CyController1.a(USBFS_1_drv.o)
 .debug_ranges  0x00000200       0x28 .\CortexM3\ARM_GCC_541\Debug\CyController1.a(USBFS_1_episr.o)
 .debug_ranges  0x00000228       0x38 .\CortexM3\ARM_GCC_541\Debug\CyController1.a(USBFS_1_hid.o)
 .debug_ranges  0x00000260       0x30 .\CortexM3\ARM_GCC_541\Debug\CyController1.a(USBFS_1_pm.o)
 .debug_ranges  0x00000290       0x68 .\CortexM3\ARM_GCC_541\Debug\CyController1.a(USBFS_1_std.o)
 .debug_ranges  0x000002f8       0x10 .\CortexM3\ARM_GCC_541\Debug\CyController1.a(USBFS_1_vnd.o)
 .debug_ranges  0x00000308       0x30 .\CortexM3\ARM_GCC_541\Debug\CyController1.a(ButtonReg1.o)
 .debug_ranges  0x00000338       0x30 .\CortexM3\ARM_GCC_541\Debug\CyController1.a(ButtonReg2.o)
 .debug_ranges  0x00000368       0x30 .\CortexM3\ARM_GCC_541\Debug\CyController1.a(ButtonReg3.o)
 .debug_ranges  0x00000398       0x38 .\CortexM3\ARM_GCC_541\Debug\CyController1.a(USBFS_1_Dp.o)
 .debug_ranges  0x000003d0      0x290 .\CortexM3\ARM_GCC_541\Debug\CyController1.a(CyLib.o)
 .debug_ranges  0x00000660       0x88 .\CortexM3\ARM_GCC_541\Debug\CyController1.a(cyPm.o)
 .debug_ranges  0x000006e8       0x30 .\CortexM3\ARM_GCC_541\Debug\CyController1.a(ButtonReg4.o)
 .debug_ranges  0x00000718       0x10 .\CortexM3\ARM_GCC_541\Debug\CyController1.a(USBFS_1_cls.o)
 .debug_ranges  0x00000728       0x78 .\CortexM3\ARM_GCC_541\Debug\CyController1.a(CyFlash.o)
 .debug_ranges  0x000007a0       0x70 .\CortexM3\ARM_GCC_541\Debug\CyController1.a(CySpc.o)

.comment        0x00000000       0x6e
 .comment       0x00000000       0x6e .\CortexM3\ARM_GCC_541\Debug\main.o
                                 0x6f (size before relaxing)
 .comment       0x0000006e       0x6f .\CortexM3\ARM_GCC_541\Debug\cyfitter_cfg.o
 .comment       0x0000006e       0x6f .\CortexM3\ARM_GCC_541\Debug\cymetadata.o
 .comment       0x0000006e       0x6f .\CortexM3\ARM_GCC_541\Debug\Cm3Start.o
 .comment       0x0000006e       0x6f .\CortexM3\ARM_GCC_541\Debug\CyController1.a(USBFS_1.o)
 .comment       0x0000006e       0x6f .\CortexM3\ARM_GCC_541\Debug\CyController1.a(USBFS_1_drv.o)
 .comment       0x0000006e       0x6f .\CortexM3\ARM_GCC_541\Debug\CyController1.a(USBFS_1_episr.o)
 .comment       0x0000006e       0x6f .\CortexM3\ARM_GCC_541\Debug\CyController1.a(USBFS_1_hid.o)
 .comment       0x0000006e       0x6f .\CortexM3\ARM_GCC_541\Debug\CyController1.a(USBFS_1_pm.o)
 .comment       0x0000006e       0x6f .\CortexM3\ARM_GCC_541\Debug\CyController1.a(USBFS_1_std.o)
 .comment       0x0000006e       0x6f .\CortexM3\ARM_GCC_541\Debug\CyController1.a(USBFS_1_vnd.o)
 .comment       0x0000006e       0x6f .\CortexM3\ARM_GCC_541\Debug\CyController1.a(ButtonReg1.o)
 .comment       0x0000006e       0x6f .\CortexM3\ARM_GCC_541\Debug\CyController1.a(ButtonReg2.o)
 .comment       0x0000006e       0x6f .\CortexM3\ARM_GCC_541\Debug\CyController1.a(ButtonReg3.o)
 .comment       0x0000006e       0x6f .\CortexM3\ARM_GCC_541\Debug\CyController1.a(USBFS_1_Dp.o)
 .comment       0x0000006e       0x6f .\CortexM3\ARM_GCC_541\Debug\CyController1.a(CyLib.o)
 .comment       0x0000006e       0x6f .\CortexM3\ARM_GCC_541\Debug\CyController1.a(cyPm.o)
 .comment       0x0000006e       0x6f .\CortexM3\ARM_GCC_541\Debug\CyController1.a(ButtonReg4.o)
 .comment       0x0000006e       0x6f .\CortexM3\ARM_GCC_541\Debug\CyController1.a(USBFS_1_cls.o)
 .comment       0x0000006e       0x6f .\CortexM3\ARM_GCC_541\Debug\CyController1.a(USBFS_1_descr.o)
 .comment       0x0000006e       0x6f .\CortexM3\ARM_GCC_541\Debug\CyController1.a(CyFlash.o)
 .comment       0x0000006e       0x6f .\CortexM3\ARM_GCC_541\Debug\CyController1.a(CySpc.o)

.debug_weaknames
 *(.debug_weaknames)

.debug_funcnames
 *(.debug_funcnames)

.debug_typenames
 *(.debug_typenames)

.debug_varnames
 *(.debug_varnames)

.note.gnu.arm.ident
 *(.note.gnu.arm.ident)

.ARM.attributes
                0x00000000       0x29
 *(.ARM.attributes)
 .ARM.attributes
                0x00000000       0x1d c:/program files (x86)/cypress/psoc creator/4.2/psoc creator/import/gnu/arm/5.4.1/bin/../lib/gcc/arm-none-eabi/5.4.1/armv7-m/crti.o
 .ARM.attributes
                0x0000001d       0x2d c:/program files (x86)/cypress/psoc creator/4.2/psoc creator/import/gnu/arm/5.4.1/bin/../lib/gcc/arm-none-eabi/5.4.1/armv7-m/crtbegin.o
 .ARM.attributes
                0x0000004a       0x1b c:/program files (x86)/cypress/psoc creator/4.2/psoc creator/import/gnu/arm/5.4.1/bin/../lib/gcc/arm-none-eabi/5.4.1/../../../../arm-none-eabi/lib/armv7-m/crt0.o
 .ARM.attributes
                0x00000065       0x33 .\CortexM3\ARM_GCC_541\Debug\main.o
 .ARM.attributes
                0x00000098       0x33 .\CortexM3\ARM_GCC_541\Debug\cyfitter_cfg.o
 .ARM.attributes
                0x000000cb       0x33 .\CortexM3\ARM_GCC_541\Debug\cymetadata.o
 .ARM.attributes
                0x000000fe       0x33 .\CortexM3\ARM_GCC_541\Debug\Cm3Start.o
 .ARM.attributes
                0x00000131       0x33 .\CortexM3\ARM_GCC_541\Debug\CyController1.a(USBFS_1.o)
 .ARM.attributes
                0x00000164       0x33 .\CortexM3\ARM_GCC_541\Debug\CyController1.a(USBFS_1_drv.o)
 .ARM.attributes
                0x00000197       0x33 .\CortexM3\ARM_GCC_541\Debug\CyController1.a(USBFS_1_episr.o)
 .ARM.attributes
                0x000001ca       0x33 .\CortexM3\ARM_GCC_541\Debug\CyController1.a(USBFS_1_hid.o)
 .ARM.attributes
                0x000001fd       0x33 .\CortexM3\ARM_GCC_541\Debug\CyController1.a(USBFS_1_pm.o)
 .ARM.attributes
                0x00000230       0x33 .\CortexM3\ARM_GCC_541\Debug\CyController1.a(USBFS_1_std.o)
 .ARM.attributes
                0x00000263       0x33 .\CortexM3\ARM_GCC_541\Debug\CyController1.a(USBFS_1_vnd.o)
 .ARM.attributes
                0x00000296       0x33 .\CortexM3\ARM_GCC_541\Debug\CyController1.a(ButtonReg1.o)
 .ARM.attributes
                0x000002c9       0x33 .\CortexM3\ARM_GCC_541\Debug\CyController1.a(ButtonReg2.o)
 .ARM.attributes
                0x000002fc       0x33 .\CortexM3\ARM_GCC_541\Debug\CyController1.a(ButtonReg3.o)
 .ARM.attributes
                0x0000032f       0x33 .\CortexM3\ARM_GCC_541\Debug\CyController1.a(USBFS_1_Dp.o)
 .ARM.attributes
                0x00000362       0x33 .\CortexM3\ARM_GCC_541\Debug\CyController1.a(CyLib.o)
 .ARM.attributes
                0x00000395       0x33 .\CortexM3\ARM_GCC_541\Debug\CyController1.a(cyPm.o)
 .ARM.attributes
                0x000003c8       0x33 .\CortexM3\ARM_GCC_541\Debug\CyController1.a(ButtonReg4.o)
 .ARM.attributes
                0x000003fb       0x21 .\CortexM3\ARM_GCC_541\Debug\CyController1.a(CyBootAsmGnu.o)
 .ARM.attributes
                0x0000041c       0x33 .\CortexM3\ARM_GCC_541\Debug\CyController1.a(USBFS_1_cls.o)
 .ARM.attributes
                0x0000044f       0x33 .\CortexM3\ARM_GCC_541\Debug\CyController1.a(USBFS_1_descr.o)
 .ARM.attributes
                0x00000482       0x33 .\CortexM3\ARM_GCC_541\Debug\CyController1.a(CyFlash.o)
 .ARM.attributes
                0x000004b5       0x33 .\CortexM3\ARM_GCC_541\Debug\CyController1.a(CySpc.o)
 .ARM.attributes
                0x000004e8       0x2d c:/program files (x86)/cypress/psoc creator/4.2/psoc creator/import/gnu/arm/5.4.1/bin/../lib/gcc/arm-none-eabi/5.4.1/../../../../arm-none-eabi/lib/armv7-m\libg_nano.a(lib_a-errno.o)
 .ARM.attributes
                0x00000515       0x2d c:/program files (x86)/cypress/psoc creator/4.2/psoc creator/import/gnu/arm/5.4.1/bin/../lib/gcc/arm-none-eabi/5.4.1/../../../../arm-none-eabi/lib/armv7-m\libg_nano.a(lib_a-exit.o)
 .ARM.attributes
                0x00000542       0x2d c:/program files (x86)/cypress/psoc creator/4.2/psoc creator/import/gnu/arm/5.4.1/bin/../lib/gcc/arm-none-eabi/5.4.1/../../../../arm-none-eabi/lib/armv7-m\libg_nano.a(lib_a-impure.o)
 .ARM.attributes
                0x0000056f       0x2d c:/program files (x86)/cypress/psoc creator/4.2/psoc creator/import/gnu/arm/5.4.1/bin/../lib/gcc/arm-none-eabi/5.4.1/../../../../arm-none-eabi/lib/armv7-m\libg_nano.a(lib_a-init.o)
 .ARM.attributes
                0x0000059c       0x2d c:/program files (x86)/cypress/psoc creator/4.2/psoc creator/import/gnu/arm/5.4.1/bin/../lib/gcc/arm-none-eabi/5.4.1/../../../../arm-none-eabi/lib/armv7-m\libg_nano.a(lib_a-memcpy-stub.o)
 .ARM.attributes
                0x000005c9       0x2d c:/program files (x86)/cypress/psoc creator/4.2/psoc creator/import/gnu/arm/5.4.1/bin/../lib/gcc/arm-none-eabi/5.4.1/../../../../arm-none-eabi/lib/armv7-m\libg_nano.a(lib_a-memset.o)
 .ARM.attributes
                0x000005f6       0x2d c:/program files (x86)/cypress/psoc creator/4.2/psoc creator/import/gnu/arm/5.4.1/bin/../lib/gcc/arm-none-eabi/5.4.1/armv7-m/crtend.o
 .ARM.attributes
                0x00000623       0x1d c:/program files (x86)/cypress/psoc creator/4.2/psoc creator/import/gnu/arm/5.4.1/bin/../lib/gcc/arm-none-eabi/5.4.1/armv7-m/crtn.o

/DISCARD/
 *(.note.GNU-stack)
OUTPUT(C:\Users\billy\Documents\PSoC Creator\PSoC-5LP-Gamepad\CyController1.cydsn\CortexM3\ARM_GCC_541\Debug\CyController1.elf elf32-littlearm)
